Microsoft Windows [Version 10.0.26200.8457]
(c) Microsoft Corporation. All rights reserved.

E:\F4SE OG\FalloutChat>